
> build
> next build

npm :  ÔÜá Attempted to load @next/swc-win32-x64-msvc, 
but an error occurred: Uma rotina de inicializa´┐¢´┐¢o 
da biblioteca de v´┐¢nculo din´┐¢mico (DLL) falhou.
No linha:1 caractere:1
+ npm run build > build_output.txt 2>&1
+ ~~~~~~~~~~~~~~~~~~~~~~~~~~~~~~~~~~~~~
    + CategoryInfo          : NotSpecified: ( ÔÜá Atte 
   mpted ...o (DLL) falhou.:String) [], RemoteExcepti  
  on
    + FullyQualifiedErrorId : NativeCommandError
 
\\?\F:\GOLFFOX\node_modules\@next\swc-win32-x64-msvc\ne
xt-swc.win32-x64-msvc.node
   Skipping creating a lockfile at F:\GOLFFOX\.next\lock because we're using WASM bindings
   Ôû▓ Next.js 16.0.3 (Turbopack)

   Running TypeScript ...
   Creating an optimized production build ...
 Ô£ô Compiled successfully in 2.8s
   Collecting page data using 7 workers ...
   Finalizing page optimization ...

Route (pages)
ÔöÇ Ôùï /404

Ôùï  (Static)  prerendered as static content

